class com.futbol.util.CustomExceptionHandler \ 18-07-2024_09:14:06  SEVERE : Error interno del servidor:No static resource v3/api-docs. (500 INTERNAL_SERVER_ERROR)
class com.futbol.util.CustomExceptionHandler \ 18-07-2024_09:14:25  SEVERE : Error interno del servidor:No static resource v3/api-docs. (500 INTERNAL_SERVER_ERROR)
class com.futbol.util.CustomExceptionHandler \ 18-07-2024_09:19:38  SEVERE : Error interno del servidor:No static resource swagger-ui/index.html. (500 INTERNAL_SERVER_ERROR)
class com.futbol.util.CustomExceptionHandler \ 18-07-2024_09:27:48  SEVERE : Error interno del servidor:No static resource swagger-ui/index.html. (500 INTERNAL_SERVER_ERROR)
class com.futbol.util.CustomExceptionHandler \ 18-07-2024_09:28:16  SEVERE : Error interno del servidor:No static resource swagger-ui/index.html. (500 INTERNAL_SERVER_ERROR)
class com.futbol.util.CustomExceptionHandler \ 18-07-2024_09:29:16  SEVERE : Error interno del servidor:No static resource swagger-ui/index.html. (500 INTERNAL_SERVER_ERROR)
class com.futbol.util.CustomExceptionHandler \ 18-07-2024_09:30:27  SEVERE : Error interno del servidor:No static resource swagger-ui/index.html. (500 INTERNAL_SERVER_ERROR)
class com.futbol.util.CustomExceptionHandler \ 18-07-2024_09:38:39  SEVERE : Error interno del servidor:No static resource v3/api-docs. (500 INTERNAL_SERVER_ERROR)
class com.futbol.util.CustomExceptionHandler \ 18-07-2024_09:43:26  SEVERE : Error interno del servidor:No static resource v3/api-docs. (500 INTERNAL_SERVER_ERROR)
class com.futbol.util.CustomExceptionHandler \ 18-07-2024_09:43:39  SEVERE : Error interno del servidor:No static resource v1/api-docs. (500 INTERNAL_SERVER_ERROR)
class com.futbol.util.CustomExceptionHandler \ 18-07-2024_09:43:48  SEVERE : Error interno del servidor:No static resource v6/api-docs. (500 INTERNAL_SERVER_ERROR)
class com.futbol.util.CustomExceptionHandler \ 18-07-2024_09:43:54  SEVERE : Error interno del servidor:No static resource api-docs. (500 INTERNAL_SERVER_ERROR)
class com.futbol.util.CustomExceptionHandler \ 18-07-2024_09:47:37  SEVERE : Error interno del servidor:No static resource swagger-ui. (500 INTERNAL_SERVER_ERROR)
class com.futbol.util.CustomExceptionHandler \ 18-07-2024_09:47:45  SEVERE : Error interno del servidor:No static resource swagger-ui/index.html. (500 INTERNAL_SERVER_ERROR)
class com.futbol.util.CustomExceptionHandler \ 18-07-2024_10:49:29  SEVERE : Error interno del servidor:Camp Nou no puede tener dos o más equipos (500 INTERNAL_SERVER_ERROR)
class com.futbol.util.CustomExceptionHandler \ 18-07-2024_10:53:58  SEVERE : No se encuentra el equipo 404 NOT_FOUND
class com.futbol.util.CustomExceptionHandler \ 18-07-2024_11:38:42  SEVERE : Error interno del servidor:Request method 'GET' is not supported (500 INTERNAL_SERVER_ERROR)
class com.futbol.util.CustomExceptionHandler \ 18-07-2024_12:48:33  SEVERE : Error interno del servidor:could not execute statement [Column 'estadio' cannot be null] [update equipos set estadio=?,nombre=?,pais=? where idequipo=?]; SQL [update equipos set estadio=?,nombre=?,pais=? where idequipo=?]; constraint [null] (500 INTERNAL_SERVER_ERROR)
class com.futbol.util.CustomExceptionHandler \ 18-07-2024_12:51:33  SEVERE : Error interno del servidor:Request method 'GET' is not supported (500 INTERNAL_SERVER_ERROR)
class com.futbol.util.CustomExceptionHandler \ 18-07-2024_01:00:35  SEVERE : Error interno del servidor:could not execute statement [Column 'estadio' cannot be null] [insert into equipos (estadio,nombre,pais) values (?,?,?)]; SQL [insert into equipos (estadio,nombre,pais) values (?,?,?)]; constraint [null] (500 INTERNAL_SERVER_ERROR)
class com.futbol.util.CustomExceptionHandler \ 18-07-2024_01:06:17  SEVERE : Error interno del servidor:El nombre del equipo ya está registrada  (500 INTERNAL_SERVER_ERROR)
class com.futbol.util.CustomExceptionHandler \ 18-07-2024_01:22:55  SEVERE : Error interno del servidor:Validation failed for classes [com.futbol.model.Equipo] during persist time for groups [jakarta.validation.groups.Default, ]
List of constraint violations:[
	ConstraintViolationImpl{interpolatedMessage='El nombre del estadio es obligatorio', propertyPath=estadio, rootBeanClass=class com.futbol.model.Equipo, messageTemplate='El nombre del estadio es obligatorio'}
] (500 INTERNAL_SERVER_ERROR)
class com.futbol.util.CustomExceptionHandler \ 18-07-2024_01:27:06  SEVERE : Error interno del servidor:Validation failed for argument [0] in public org.springframework.http.ResponseEntity<com.futbol.model.Equipo> com.futbol.control.EquipoController.crearEquipo(com.futbol.model.Equipo): [Field error in object 'equipo' on field 'estadio': rejected value [null]; codes [NotEmpty.equipo.estadio,NotEmpty.estadio,NotEmpty.java.lang.String,NotEmpty]; arguments [org.springframework.context.support.DefaultMessageSourceResolvable: codes [equipo.estadio,estadio]; arguments []; default message [estadio]]; default message [El nombre del estadio es obligatorio]]  (500 INTERNAL_SERVER_ERROR)
class com.futbol.util.CustomExceptionHandler \ 18-07-2024_04:35:47  SEVERE : Error interno del servidor:El nombre del equipo ya está registrada  (500 INTERNAL_SERVER_ERROR)
class com.futbol.util.CustomExceptionHandler \ 18-07-2024_04:36:29  SEVERE : Error interno del servidor:No static resource swagger-ui/index.html. (500 INTERNAL_SERVER_ERROR)
class com.futbol.util.CustomExceptionHandler \ 18-07-2024_04:36:31  SEVERE : Error interno del servidor:No static resource api-docs. (500 INTERNAL_SERVER_ERROR)
class com.futbol.util.CustomExceptionHandler \ 18-07-2024_05:12:03  SEVERE : Error interno del servidor:No static resource api-docs. (500 INTERNAL_SERVER_ERROR)
class com.futbol.util.CustomExceptionHandler \ 18-07-2024_05:42:19  SEVERE : Error interno del servidor:No static resource favicon.ico. (500 INTERNAL_SERVER_ERROR)
class com.futbol.util.CustomExceptionHandler \ 18-07-2024_05:42:22  SEVERE : Error interno del servidor:No static resource favicon.ico. (500 INTERNAL_SERVER_ERROR)
class com.futbol.util.CustomExceptionHandler \ 18-07-2024_05:42:23  SEVERE : Error interno del servidor:No static resource api-docs. (500 INTERNAL_SERVER_ERROR)
class com.futbol.util.CustomExceptionHandler \ 18-07-2024_05:42:23  SEVERE : Error interno del servidor:No static resource favicon.ico. (500 INTERNAL_SERVER_ERROR)
class com.futbol.util.CustomExceptionHandler \ 18-07-2024_05:42:26  SEVERE : Error interno del servidor:No static resource swagger-ui/index.html. (500 INTERNAL_SERVER_ERROR)
class com.futbol.util.CustomExceptionHandler \ 18-07-2024_05:42:26  SEVERE : Error interno del servidor:No static resource favicon.ico. (500 INTERNAL_SERVER_ERROR)
class com.futbol.util.CustomExceptionHandler \ 18-07-2024_07:38:24  SEVERE : Error interno del servidor:No static resource favicon.ico. (500 INTERNAL_SERVER_ERROR)
class com.futbol.util.CustomExceptionHandler \ 18-07-2024_07:38:26  SEVERE : Error interno del servidor:No static resource favicon.ico. (500 INTERNAL_SERVER_ERROR)
class com.futbol.util.CustomExceptionHandler \ 18-07-2024_07:38:27  SEVERE : Error interno del servidor:No static resource swagger-ui/index.html. (500 INTERNAL_SERVER_ERROR)
class com.futbol.util.CustomExceptionHandler \ 18-07-2024_07:38:27  SEVERE : Error interno del servidor:No static resource favicon.ico. (500 INTERNAL_SERVER_ERROR)
class com.futbol.util.CustomExceptionHandler \ 18-07-2024_07:38:36  SEVERE : Error interno del servidor:No static resource api-docs. (500 INTERNAL_SERVER_ERROR)
class com.futbol.util.CustomExceptionHandler \ 18-07-2024_07:38:36  SEVERE : Error interno del servidor:No static resource favicon.ico. (500 INTERNAL_SERVER_ERROR)
class com.futbol.util.CustomExceptionHandler \ 18-07-2024_08:08:43  SEVERE : Error interno del servidor:No static resource swagger-ui/index.html. (500 INTERNAL_SERVER_ERROR)
class com.futbol.util.CustomExceptionHandler \ 18-07-2024_08:08:43  SEVERE : Error interno del servidor:No static resource favicon.ico. (500 INTERNAL_SERVER_ERROR)
class com.futbol.util.CustomExceptionHandler \ 18-07-2024_08:09:52  SEVERE : Error interno del servidor:No static resource api-docs. (500 INTERNAL_SERVER_ERROR)
class com.futbol.util.CustomExceptionHandler \ 18-07-2024_08:09:52  SEVERE : Error interno del servidor:No static resource favicon.ico. (500 INTERNAL_SERVER_ERROR)
class com.futbol.util.CustomExceptionHandler \ 18-07-2024_08:09:55  SEVERE : Error interno del servidor:No static resource swagger-ui/index.html. (500 INTERNAL_SERVER_ERROR)
class com.futbol.util.CustomExceptionHandler \ 18-07-2024_08:09:55  SEVERE : Error interno del servidor:No static resource favicon.ico. (500 INTERNAL_SERVER_ERROR)
class com.futbol.util.CustomExceptionHandler \ 18-07-2024_08:10:30  SEVERE : Error interno del servidor:No static resource swagger-ui/index.html. (500 INTERNAL_SERVER_ERROR)
class com.futbol.util.CustomExceptionHandler \ 18-07-2024_08:10:30  SEVERE : Error interno del servidor:No static resource favicon.ico. (500 INTERNAL_SERVER_ERROR)
class com.futbol.util.CustomExceptionHandler \ 18-07-2024_08:22:22  SEVERE : Error interno del servidor:No static resource api-docs. (500 INTERNAL_SERVER_ERROR)
class com.futbol.util.CustomExceptionHandler \ 18-07-2024_08:22:22  SEVERE : Error interno del servidor:No static resource favicon.ico. (500 INTERNAL_SERVER_ERROR)
class com.futbol.util.CustomExceptionHandler \ 18-07-2024_08:30:39  SEVERE : Error interno del servidor:No static resource v3/api-docs. (500 INTERNAL_SERVER_ERROR)
class com.futbol.util.CustomExceptionHandler \ 18-07-2024_08:30:39  SEVERE : Error interno del servidor:No static resource favicon.ico. (500 INTERNAL_SERVER_ERROR)
class com.futbol.util.CustomExceptionHandler \ 18-07-2024_08:39:47  SEVERE : Error interno del servidor:No static resource favicon.ico. (500 INTERNAL_SERVER_ERROR)
class com.futbol.util.CustomExceptionHandler \ 18-07-2024_08:40:07  SEVERE : Error interno del servidor:No static resource v3/swagger-ui/index.html. (500 INTERNAL_SERVER_ERROR)
class com.futbol.util.CustomExceptionHandler \ 18-07-2024_08:40:07  SEVERE : Error interno del servidor:No static resource favicon.ico. (500 INTERNAL_SERVER_ERROR)
